<!DOCTYPE html>
<html lang="en">
<head>

<meta charset="utf-8">
<title>Home</title>
<meta name="description" content="">
<base href="/" />
<meta name="viewport" content="width=device-width, initial-scale=1.0">
<link href="feed.xml" rel="alternate" type="application/rss+xml">

<link rel="stylesheet" href="/assets/css/testname.css?0.0.0-alpha.0">


</head>
<body>

<h2>Article</h2>
<ul class="posts">

</ul>

</body>
</html>
