<?xml version="1.0" encoding="UTF-8"?>
<rss version="2.0" xmlns:atom="http://www.w3.org/2005/Atom">
    <channel>
        <title>happyplan</title>
        <description>Happy plan is bundle of amazing tools to be used as a static website generator.</description>
        <link></link>
        <atom:link href="/feed.xml" rel="self" type="application/rss+xml" />
        
    </channel>
</rss>