<!DOCTYPE html>
<html lang="en">
    <head>
        <meta charset="utf-8">
        <title>Home</title>
        <meta name="description" content="">
        <base href="/" />
        <meta name="viewport" content="width=device-width, initial-scale=1.0">
        <link rel="stylesheet" href="/assets/css/style.css?now">
        <link href="feed.xml" rel="alternate" type="application/rss+xml">
    </head>
    <body>
        <h2>Article</h2>
<ul class="posts">

</ul>
        <script src="/assets/js/script.js?now"></script>
        <script>document.write('<script async="" src=\"http://'
        + (location.host || 'localhost').split(':')[0]
        + ':35728/livereload.js?snipver=1\"><\/script>')
        </script>
    </body>
</html>
