<?xml version="1.0" encoding="UTF-8"?>
<rss version="2.0" xmlns:atom="http://www.w3.org/2005/Atom">
    <channel>
        <title>happyplan</title>
        <description>Happy plan is bundle of amazing tools to be used as a static website generator.</description>
        <link></link>
        <atom:link href="/feed.xml" rel="self" type="application/rss+xml" />
        
            <item>
                <title>Test</title>
                <description>&lt;p&gt;This is a test&lt;/p&gt;</description>
                <pubDate>Wed, 10 Jul 2013 00:00:00 +0200</pubDate>
                <link>/2013/test.html</link>
                <guid isPermaLink="true">/2013/test.html</guid>
            </item>
        
    </channel>
</rss>